{"container_id":"89e031f6bd2f","execution_time_ms":1640.3260231018066,"function":"function-z","message":"Function executed"}
